2026/03/02 21:49:01 Connected to PostgreSQL
2026/03/02 21:49:01 Backend API active on port 3000
2026/03/02 22:17:41 Proxy request for: https://szekelyhon.ro/rss/szekelyhon_hirek.xml
2026/03/02 22:17:41 Proxy request for: https://maszol.ro/rss
2026/03/02 22:17:41 Proxy request for: https://kronika.ro/rss/kronika_hirek.xml
2026/03/02 22:17:41 Proxy request for: https://biharinaplo.ro/rss.xml
2026/03/02 22:17:42 Proxy request for: https://szekelyhon.ro/rss/szekelyhon_hirek.xml
2026/03/02 22:17:42 Proxy request for: https://maszol.ro/rss
2026/03/02 22:17:42 Proxy request for: https://kronika.ro/rss/kronika_hirek.xml
2026/03/02 22:17:42 Proxy request for: https://www.erdely.ma/rss
2026/03/02 22:17:43 Proxy request for: https://biharinaplo.ro/rss
2026/03/02 22:17:44 Proxy request for: https://szekelyhon.ro/rss/szekelyhon_hirek.xml
2026/03/02 22:17:44 Proxy request for: https://maszol.ro/rss
2026/03/02 22:17:44 Proxy request for: https://kronika.ro/rss/kronika_hirek.xml
2026/03/02 22:17:45 Proxy request for: https://www.erdely.ma/rss
2026/03/02 22:17:45 Proxy request for: https://biharinaplo.ro/rss
2026/03/02 22:17:46 Proxy request for: https://szekelyhon.ro/rss/szekelyhon_hirek.xml
2026/03/02 22:17:46 Proxy request for: https://maszol.ro/rss
2026/03/02 22:17:46 Proxy request for: https://kronika.ro/rss/kronika_hirek.xml
2026/03/02 22:17:46 Proxy request for: https://www.erdely.ma/rss
2026/03/02 22:17:46 Proxy request for: https://biharinaplo.ro/rss
2026/03/02 22:27:32 Proxy request for: https://api.openweathermap.org/data/2.5/weather?appid=7e0c96f28b755c90110c7b233cd6758e&lang=hu&q=Miercurea+Ciuc%2CRO&units=metric
2026/03/02 22:50:06 Proxy request for: https://szekelyhon.ro/rss/szekelyhon_hirek.xml
2026/03/02 22:50:07 Proxy request for: https://maszol.ro/rss
2026/03/02 22:50:07 Proxy request for: https://kronika.ro/rss/kronika_hirek.xml
2026/03/02 22:50:07 Proxy request for: https://biharinaplo.ro/rss.xml
2026/03/02 22:50:08 Proxy request for: https://szekelyhon.ro/rss/szekelyhon_hirek.xml
2026/03/02 22:50:08 Proxy request for: https://maszol.ro/rss
2026/03/02 22:50:08 Proxy request for: https://kronika.ro/rss/kronika_hirek.xml
2026/03/02 22:50:08 Proxy request for: https://www.erdely.ma/rss
2026/03/02 22:50:08 Proxy request for: https://szekelyhon.ro/rss/szekelyhon_hirek.xml
2026/03/02 22:50:08 Proxy request for: https://maszol.ro/rss
2026/03/02 22:50:08 Proxy request for: https://biharinaplo.ro/rss
2026/03/02 22:50:08 Proxy request for: https://kronika.ro/rss/kronika_hirek.xml
2026/03/02 22:50:09 Proxy request for: https://biharinaplo.ro/rss.xml
2026/03/02 22:50:09 Proxy request for: https://szekelyhon.ro/rss/szekelyhon_hirek.xml
2026/03/02 22:50:09 Proxy request for: https://maszol.ro/rss
2026/03/02 22:50:09 Proxy request for: https://kronika.ro/rss/kronika_hirek.xml
2026/03/02 22:50:09 Proxy request for: https://www.erdely.ma/rss
2026/03/02 22:50:09 Proxy request for: https://biharinaplo.ro/rss
2026/03/02 22:50:09 Proxy request for: https://szekelyhon.ro/rss/szekelyhon_hirek.xml
2026/03/02 22:50:09 Proxy request for: https://maszol.ro/rss
2026/03/02 22:50:10 Proxy request for: https://kronika.ro/rss/kronika_hirek.xml
2026/03/02 22:50:10 Proxy request for: https://www.erdely.ma/rss
2026/03/02 22:50:10 Proxy request for: https://biharinaplo.ro/rss
2026/03/02 22:50:10 Proxy request for: https://szekelyhon.ro/rss/szekelyhon_hirek.xml
2026/03/02 22:50:10 Proxy request for: https://maszol.ro/rss
2026/03/02 22:50:10 Proxy request for: https://kronika.ro/rss/kronika_hirek.xml
2026/03/02 22:50:10 Proxy request for: https://www.erdely.ma/rss
2026/03/02 22:50:10 Proxy request for: https://biharinaplo.ro/rss
2026/03/02 22:50:11 Proxy request for: https://szekelyhon.ro/rss/szekelyhon_hirek.xml
2026/03/02 22:50:11 Proxy request for: https://maszol.ro/rss
2026/03/02 22:50:11 Proxy request for: https://kronika.ro/rss/kronika_hirek.xml
2026/03/02 22:50:11 Proxy request for: https://www.erdely.ma/rss
2026/03/02 22:50:11 Proxy request for: https://biharinaplo.ro/rss
2026/03/02 22:50:11 Proxy request for: https://szekelyhon.ro/rss/szekelyhon_hirek.xml
2026/03/02 22:50:12 Proxy request for: https://maszol.ro/rss
2026/03/02 22:50:12 Proxy request for: https://kronika.ro/rss/kronika_hirek.xml
2026/03/02 22:50:12 Proxy request for: https://www.erdely.ma/rss
2026/03/02 22:50:12 Proxy request for: https://biharinaplo.ro/rss
2026/03/02 22:57:41 Proxy request for: https://api.openweathermap.org/data/2.5/weather?appid=7e0c96f28b755c90110c7b233cd6758e&lang=hu&q=Miercurea+Ciuc%2CRO&units=metric
2026/03/02 23:20:15 Proxy request for: https://szekelyhon.ro/rss/szekelyhon_hirek.xml
2026/03/02 23:20:15 Proxy request for: https://maszol.ro/rss
2026/03/02 23:20:15 Proxy request for: https://kronika.ro/rss/kronika_hirek.xml
2026/03/02 23:20:16 Proxy request for: https://biharinaplo.ro/rss.xml
2026/03/02 23:20:18 Proxy request for: https://szekelyhon.ro/rss/szekelyhon_hirek.xml
2026/03/02 23:20:18 Proxy request for: https://maszol.ro/rss
2026/03/02 23:20:18 Proxy request for: https://kronika.ro/rss/kronika_hirek.xml
2026/03/02 23:20:18 Proxy request for: https://www.erdely.ma/rss
2026/03/02 23:20:19 Proxy request for: https://biharinaplo.ro/rss
2026/03/02 23:20:20 Proxy request for: https://szekelyhon.ro/rss/szekelyhon_hirek.xml
2026/03/02 23:20:20 Proxy request for: https://maszol.ro/rss
2026/03/02 23:20:20 Proxy request for: https://kronika.ro/rss/kronika_hirek.xml
2026/03/02 23:20:20 Proxy request for: https://www.erdely.ma/rss
2026/03/02 23:20:21 Proxy request for: https://biharinaplo.ro/rss
2026/03/02 23:20:21 Proxy request for: https://szekelyhon.ro/rss/szekelyhon_hirek.xml
2026/03/02 23:20:21 Proxy request for: https://maszol.ro/rss
2026/03/02 23:20:21 Proxy request for: https://kronika.ro/rss/kronika_hirek.xml
2026/03/02 23:20:21 Proxy request for: https://www.erdely.ma/rss
2026/03/02 23:20:22 Proxy request for: https://biharinaplo.ro/rss
2026/03/02 23:31:42 Proxy request for: https://api.openweathermap.org/data/2.5/weather?appid=7e0c96f28b755c90110c7b233cd6758e&lang=hu&q=Miercurea+Ciuc%2CRO&units=metric
2026/03/02 23:35:40 Proxy request for: https://api.openweathermap.org/data/2.5/weather?appid=7e0c96f28b755c90110c7b233cd6758e&lang=hu&q=Miercurea+Ciuc%2CRO&units=metric
2026/03/02 23:35:40 Proxy request for: https://szekelyhon.ro/rss/szekelyhon_hirek.xml
2026/03/02 23:35:40 Proxy request for: https://maszol.ro/rss
2026/03/02 23:35:40 Proxy request for: https://kronika.ro/rss/kronika_hirek.xml
2026/03/02 23:35:40 Proxy request for: https://biharinaplo.ro/rss.xml
2026/03/02 23:35:41 Proxy request for: https://szekelyhon.ro/rss/szekelyhon_hirek.xml
2026/03/02 23:35:41 Proxy request for: https://maszol.ro/rss
2026/03/02 23:35:41 Proxy request for: https://kronika.ro/rss/kronika_hirek.xml
2026/03/02 23:35:41 Proxy request for: https://www.erdely.ma/rss
2026/03/02 23:35:42 Proxy request for: https://szekelyhon.ro/rss/szekelyhon_hirek.xml
2026/03/02 23:35:42 Proxy request for: https://biharinaplo.ro/rss
2026/03/02 23:35:42 Proxy request for: https://maszol.ro/rss
2026/03/02 23:35:42 Proxy request for: https://kronika.ro/rss/kronika_hirek.xml
2026/03/02 23:35:42 Proxy request for: https://biharinaplo.ro/rss.xml
2026/03/02 23:35:42 Proxy request for: https://szekelyhon.ro/rss/szekelyhon_hirek.xml
2026/03/02 23:35:43 Proxy request for: https://szekelyhon.ro/rss/szekelyhon_hirek.xml
2026/03/02 23:35:43 Proxy request for: https://maszol.ro/rss
2026/03/02 23:35:43 Proxy request for: https://maszol.ro/rss
2026/03/02 23:35:43 Proxy request for: https://kronika.ro/rss/kronika_hirek.xml
2026/03/02 23:35:43 Proxy request for: https://kronika.ro/rss/kronika_hirek.xml
2026/03/02 23:35:43 Proxy request for: https://www.erdely.ma/rss
2026/03/02 23:35:43 Proxy request for: https://www.erdely.ma/rss
2026/03/02 23:35:43 Proxy request for: https://biharinaplo.ro/rss
2026/03/02 23:35:44 Proxy request for: https://biharinaplo.ro/rss
2026/03/02 23:35:44 Proxy request for: https://szekelyhon.ro/rss/szekelyhon_hirek.xml
2026/03/02 23:35:44 Proxy request for: https://maszol.ro/rss
2026/03/02 23:35:44 Proxy request for: https://kronika.ro/rss/kronika_hirek.xml
2026/03/02 23:35:44 Proxy request for: https://www.erdely.ma/rss
2026/03/02 23:35:45 Proxy request for: https://biharinaplo.ro/rss
2026/03/02 23:35:45 Proxy request for: https://szekelyhon.ro/rss/szekelyhon_hirek.xml
2026/03/02 23:35:45 Proxy request for: https://maszol.ro/rss
2026/03/02 23:35:45 Proxy request for: https://kronika.ro/rss/kronika_hirek.xml
2026/03/02 23:35:45 Proxy request for: https://www.erdely.ma/rss
2026/03/02 23:35:46 Proxy request for: https://biharinaplo.ro/rss
2026/03/02 23:35:46 Proxy request for: https://szekelyhon.ro/rss/szekelyhon_hirek.xml
2026/03/02 23:35:46 Proxy request for: https://maszol.ro/rss
2026/03/02 23:35:46 Proxy request for: https://kronika.ro/rss/kronika_hirek.xml
2026/03/02 23:35:46 Proxy request for: https://www.erdely.ma/rss
2026/03/02 23:35:47 Proxy request for: https://biharinaplo.ro/rss
2026/03/02 23:50:37 Proxy request for: https://szekelyhon.ro/rss/szekelyhon_hirek.xml
2026/03/02 23:50:37 Proxy request for: https://maszol.ro/rss
2026/03/02 23:50:38 Proxy request for: https://kronika.ro/rss/kronika_hirek.xml
2026/03/02 23:50:38 Proxy request for: https://biharinaplo.ro/rss.xml
2026/03/02 23:50:39 Proxy request for: https://szekelyhon.ro/rss/szekelyhon_hirek.xml
2026/03/02 23:50:39 Proxy request for: https://szekelyhon.ro/rss/szekelyhon_hirek.xml
2026/03/02 23:50:39 Proxy request for: https://maszol.ro/rss
2026/03/02 23:50:39 Proxy request for: https://maszol.ro/rss
2026/03/02 23:50:39 Proxy request for: https://kronika.ro/rss/kronika_hirek.xml
2026/03/02 23:50:39 Proxy request for: https://kronika.ro/rss/kronika_hirek.xml
2026/03/02 23:50:39 Proxy request for: https://biharinaplo.ro/rss.xml
2026/03/02 23:50:39 Proxy request for: https://www.erdely.ma/rss
2026/03/02 23:50:39 Proxy request for: https://szekelyhon.ro/rss/szekelyhon_hirek.xml
2026/03/02 23:50:39 Proxy request for: https://maszol.ro/rss
2026/03/02 23:50:39 Proxy request for: https://kronika.ro/rss/kronika_hirek.xml
2026/03/02 23:50:39 Proxy request for: https://biharinaplo.ro/rss
2026/03/02 23:50:39 Proxy request for: https://www.erdely.ma/rss
2026/03/02 23:50:40 Proxy request for: https://biharinaplo.ro/rss
2026/03/02 23:50:40 Proxy request for: https://szekelyhon.ro/rss/szekelyhon_hirek.xml
2026/03/02 23:50:40 Proxy request for: https://maszol.ro/rss
2026/03/02 23:50:40 Proxy request for: https://kronika.ro/rss/kronika_hirek.xml
2026/03/02 23:50:41 Proxy request for: https://szekelyhon.ro/rss/szekelyhon_hirek.xml
2026/03/02 23:50:41 Proxy request for: https://maszol.ro/rss
2026/03/02 23:50:41 Proxy request for: https://www.erdely.ma/rss
2026/03/02 23:50:41 Proxy request for: https://kronika.ro/rss/kronika_hirek.xml
2026/03/02 23:50:41 Proxy request for: https://www.erdely.ma/rss
2026/03/02 23:50:41 Proxy request for: https://biharinaplo.ro/rss
2026/03/02 23:50:41 Proxy request for: https://biharinaplo.ro/rss
2026/03/02 23:50:41 Proxy request for: https://szekelyhon.ro/rss/szekelyhon_hirek.xml
2026/03/02 23:50:41 Proxy request for: https://maszol.ro/rss
2026/03/02 23:50:42 Proxy request for: https://kronika.ro/rss/kronika_hirek.xml
2026/03/02 23:50:42 Proxy request for: https://www.erdely.ma/rss
2026/03/02 23:50:42 Proxy request for: https://biharinaplo.ro/rss
2026/03/02 23:50:43 Proxy request for: https://szekelyhon.ro/rss/szekelyhon_hirek.xml
2026/03/02 23:50:43 Proxy request for: https://maszol.ro/rss
2026/03/02 23:50:43 Proxy request for: https://kronika.ro/rss/kronika_hirek.xml
2026/03/02 23:50:43 Proxy request for: https://www.erdely.ma/rss
2026/03/02 23:50:43 Proxy request for: https://biharinaplo.ro/rss
2026/03/03 00:02:11 Proxy request for: https://api.openweathermap.org/data/2.5/weather?appid=7e0c96f28b755c90110c7b233cd6758e&lang=hu&q=Miercurea+Ciuc%2CRO&units=metric
